// Jest Snapshot v1, https://goo.gl/fbAQLP

exports[`Check if match with snapshot 1`] = `
Object {
  "asFragment": [Function],
  "baseElement": <body>
    <div>
      <section
        class="lang-menu"
      >
        <div
          class="lang-menu-item"
        >
          <img
            alt="en"
            class="img-flag"
            src="/assets/images/uk-flag-rounded.png"
            title="en"
          />
          <img
            alt="Open"
            class="img-options"
            id="btn-show-menu-item"
            src="/assets/images/arrow-down.png"
            title="Open"
          />
        </div>
        <div
          class="lang-menu-options-hide"
        >
          <img
            alt="Change to english"
            class="img-flag"
            src="/assets/images/uk-flag-rounded.png"
            title="Change to english"
          />
          <img
            alt="Change to portuguese"
            class="img-flag"
            src="/assets/images/br-flag-rounded.png"
            title="Change to portuguese"
          />
        </div>
      </section>
    </div>
  </body>,
  "container": <div>
    <section
      class="lang-menu"
    >
      <div
        class="lang-menu-item"
      >
        <img
          alt="en"
          class="img-flag"
          src="/assets/images/uk-flag-rounded.png"
          title="en"
        />
        <img
          alt="Open"
          class="img-options"
          id="btn-show-menu-item"
          src="/assets/images/arrow-down.png"
          title="Open"
        />
      </div>
      <div
        class="lang-menu-options-hide"
      >
        <img
          alt="Change to english"
          class="img-flag"
          src="/assets/images/uk-flag-rounded.png"
          title="Change to english"
        />
        <img
          alt="Change to portuguese"
          class="img-flag"
          src="/assets/images/br-flag-rounded.png"
          title="Change to portuguese"
        />
      </div>
    </section>
  </div>,
  "debug": [Function],
  "findAllByAltText": [Function],
  "findAllByDisplayValue": [Function],
  "findAllByLabelText": [Function],
  "findAllByPlaceholderText": [Function],
  "findAllByRole": [Function],
  "findAllByTestId": [Function],
  "findAllByText": [Function],
  "findAllByTitle": [Function],
  "findByAltText": [Function],
  "findByDisplayValue": [Function],
  "findByLabelText": [Function],
  "findByPlaceholderText": [Function],
  "findByRole": [Function],
  "findByTestId": [Function],
  "findByText": [Function],
  "findByTitle": [Function],
  "getAllByAltText": [Function],
  "getAllByDisplayValue": [Function],
  "getAllByLabelText": [Function],
  "getAllByPlaceholderText": [Function],
  "getAllByRole": [Function],
  "getAllByTestId": [Function],
  "getAllByText": [Function],
  "getAllByTitle": [Function],
  "getByAltText": [Function],
  "getByDisplayValue": [Function],
  "getByLabelText": [Function],
  "getByPlaceholderText": [Function],
  "getByRole": [Function],
  "getByTestId": [Function],
  "getByText": [Function],
  "getByTitle": [Function],
  "queryAllByAltText": [Function],
  "queryAllByDisplayValue": [Function],
  "queryAllByLabelText": [Function],
  "queryAllByPlaceholderText": [Function],
  "queryAllByRole": [Function],
  "queryAllByTestId": [Function],
  "queryAllByText": [Function],
  "queryAllByTitle": [Function],
  "queryByAltText": [Function],
  "queryByDisplayValue": [Function],
  "queryByLabelText": [Function],
  "queryByPlaceholderText": [Function],
  "queryByRole": [Function],
  "queryByTestId": [Function],
  "queryByText": [Function],
  "queryByTitle": [Function],
  "rerender": [Function],
  "unmount": [Function],
}
`;
